// Jest Snapshot v1, https://goo.gl/fbAQLP

exports[`App.js Loads the app 1`] = `"<div style=\\"background-color: rgb(66, 66, 66); position: fixed; top: 0px; left: 0px; right: 0px; bottom: 0px; display: flex; justify-content: center;\\"><div class=\\"loading-animation\\"><div></div><div></div><div></div></div></div>"`;
